Archive member included to satisfy reference by file (symbol)

/usr/lib/gcc/arm-none-eabi/11.2.0/../../../../arm-none-eabi/lib/thumb/v7e-m+fp/hard/libc.a(lib_a-atexit.o)
                              /usr/lib/gcc/arm-none-eabi/11.2.0/../../../../arm-none-eabi/lib/thumb/v7e-m+fp/hard/crt0.o (atexit)
/usr/lib/gcc/arm-none-eabi/11.2.0/../../../../arm-none-eabi/lib/thumb/v7e-m+fp/hard/libc.a(lib_a-exit.o)
                              /usr/lib/gcc/arm-none-eabi/11.2.0/../../../../arm-none-eabi/lib/thumb/v7e-m+fp/hard/crt0.o (exit)
/usr/lib/gcc/arm-none-eabi/11.2.0/../../../../arm-none-eabi/lib/thumb/v7e-m+fp/hard/libc.a(lib_a-fini.o)
                              /usr/lib/gcc/arm-none-eabi/11.2.0/../../../../arm-none-eabi/lib/thumb/v7e-m+fp/hard/crt0.o (__libc_fini_array)
/usr/lib/gcc/arm-none-eabi/11.2.0/../../../../arm-none-eabi/lib/thumb/v7e-m+fp/hard/libc.a(lib_a-impure.o)
                              /usr/lib/gcc/arm-none-eabi/11.2.0/../../../../arm-none-eabi/lib/thumb/v7e-m+fp/hard/libc.a(lib_a-exit.o) (_global_impure_ptr)
/usr/lib/gcc/arm-none-eabi/11.2.0/../../../../arm-none-eabi/lib/thumb/v7e-m+fp/hard/libc.a(lib_a-init.o)
                              /usr/lib/gcc/arm-none-eabi/11.2.0/../../../../arm-none-eabi/lib/thumb/v7e-m+fp/hard/crt0.o (__libc_init_array)
/usr/lib/gcc/arm-none-eabi/11.2.0/../../../../arm-none-eabi/lib/thumb/v7e-m+fp/hard/libc.a(lib_a-memset.o)
                              /usr/lib/gcc/arm-none-eabi/11.2.0/../../../../arm-none-eabi/lib/thumb/v7e-m+fp/hard/crt0.o (memset)
/usr/lib/gcc/arm-none-eabi/11.2.0/../../../../arm-none-eabi/lib/thumb/v7e-m+fp/hard/libc.a(lib_a-__atexit.o)
                              /usr/lib/gcc/arm-none-eabi/11.2.0/../../../../arm-none-eabi/lib/thumb/v7e-m+fp/hard/libc.a(lib_a-atexit.o) (__register_exitproc)
/usr/lib/gcc/arm-none-eabi/11.2.0/../../../../arm-none-eabi/lib/thumb/v7e-m+fp/hard/libc.a(lib_a-__call_atexit.o)
                              /usr/lib/gcc/arm-none-eabi/11.2.0/../../../../arm-none-eabi/lib/thumb/v7e-m+fp/hard/libc.a(lib_a-exit.o) (__call_exitprocs)
/usr/lib/gcc/arm-none-eabi/11.2.0/../../../../arm-none-eabi/lib/thumb/v7e-m+fp/hard/libc.a(lib_a-lock.o)
                              /usr/lib/gcc/arm-none-eabi/11.2.0/../../../../arm-none-eabi/lib/thumb/v7e-m+fp/hard/libc.a(lib_a-__atexit.o) (__retarget_lock_acquire_recursive)
/usr/lib/gcc/arm-none-eabi/11.2.0/../../../../arm-none-eabi/lib/thumb/v7e-m+fp/hard/libnosys.a(_exit.o)
                              /usr/lib/gcc/arm-none-eabi/11.2.0/../../../../arm-none-eabi/lib/thumb/v7e-m+fp/hard/libc.a(lib_a-exit.o) (_exit)

Discarded input sections

 .text          0x0000000000000000        0x0 /usr/lib/gcc/arm-none-eabi/11.2.0/thumb/v7e-m+fp/hard/crti.o
 .data          0x0000000000000000        0x0 /usr/lib/gcc/arm-none-eabi/11.2.0/thumb/v7e-m+fp/hard/crti.o
 .bss           0x0000000000000000        0x0 /usr/lib/gcc/arm-none-eabi/11.2.0/thumb/v7e-m+fp/hard/crti.o
 .text          0x0000000000000000        0x0 /usr/lib/gcc/arm-none-eabi/11.2.0/thumb/v7e-m+fp/hard/crtbegin.o
 .data          0x0000000000000000        0x0 /usr/lib/gcc/arm-none-eabi/11.2.0/thumb/v7e-m+fp/hard/crtbegin.o
 .bss           0x0000000000000000        0x0 /usr/lib/gcc/arm-none-eabi/11.2.0/thumb/v7e-m+fp/hard/crtbegin.o
 .rodata.all_implied_fbits
                0x0000000000000000       0x24 /usr/lib/gcc/arm-none-eabi/11.2.0/thumb/v7e-m+fp/hard/crtbegin.o
 .data.__dso_handle
                0x0000000000000000        0x4 /usr/lib/gcc/arm-none-eabi/11.2.0/thumb/v7e-m+fp/hard/crtbegin.o
 .text          0x0000000000000000       0x70 /usr/lib/gcc/arm-none-eabi/11.2.0/../../../../arm-none-eabi/lib/thumb/v7e-m+fp/hard/crt0.o
 .data          0x0000000000000000        0x0 /usr/lib/gcc/arm-none-eabi/11.2.0/../../../../arm-none-eabi/lib/thumb/v7e-m+fp/hard/crt0.o
 .bss           0x0000000000000000        0x0 /usr/lib/gcc/arm-none-eabi/11.2.0/../../../../arm-none-eabi/lib/thumb/v7e-m+fp/hard/crt0.o
 .ARM.extab     0x0000000000000000        0x0 /usr/lib/gcc/arm-none-eabi/11.2.0/../../../../arm-none-eabi/lib/thumb/v7e-m+fp/hard/crt0.o
 .ARM.exidx     0x0000000000000000       0x10 /usr/lib/gcc/arm-none-eabi/11.2.0/../../../../arm-none-eabi/lib/thumb/v7e-m+fp/hard/crt0.o
 .ARM.attributes
                0x0000000000000000       0x1c /usr/lib/gcc/arm-none-eabi/11.2.0/../../../../arm-none-eabi/lib/thumb/v7e-m+fp/hard/crt0.o
 .text          0x0000000000000000        0x0 build/main.o
 .data          0x0000000000000000        0x0 build/main.o
 .bss           0x0000000000000000        0x0 build/main.o
 .text          0x0000000000000000        0x0 build/stm32l4xx_hal_msp.o
 .data          0x0000000000000000        0x0 build/stm32l4xx_hal_msp.o
 .bss           0x0000000000000000        0x0 build/stm32l4xx_hal_msp.o
 .text.HAL_MspInit
                0x0000000000000000       0x30 build/stm32l4xx_hal_msp.o
 .debug_info    0x0000000000000000      0x35f build/stm32l4xx_hal_msp.o
[...]
Memory Configuration

Name             Origin             Length             Attributes
RAM              0x0000000020000000 0x0000000000018000 xrw
RAM2             0x0000000010000000 0x0000000000008000 xrw
FLASH            0x0000000008000000 0x0000000000100000 xr
*default*        0x0000000000000000 0xffffffffffffffff

Linker script and memory map

LOAD /usr/lib/gcc/arm-none-eabi/11.2.0/thumb/v7e-m+fp/hard/crti.o
LOAD /usr/lib/gcc/arm-none-eabi/11.2.0/thumb/v7e-m+fp/hard/crtbegin.o
LOAD /usr/lib/gcc/arm-none-eabi/11.2.0/../../../../arm-none-eabi/lib/thumb/v7e-m+fp/hard/crt0.o
LOAD build/main.o
LOAD build/stm32l4xx_hal_msp.o
LOAD build/stm32l4xx_it.o
LOAD build/system_stm32l4xx.o
LOAD build/stm32l4xx_hal.o
LOAD build/stm32l4xx_hal_cortex.o
LOAD build/stm32l4xx_hal_dma.o
LOAD build/stm32l4xx_hal_dma_ex.o
LOAD build/stm32l4xx_hal_exti.o
LOAD build/stm32l4xx_hal_flash.o
LOAD build/stm32l4xx_hal_flash_ex.o
LOAD build/stm32l4xx_hal_flash_ramfunc.o
LOAD build/stm32l4xx_hal_gpio.o
LOAD build/stm32l4xx_hal_i2c.o
LOAD build/stm32l4xx_hal_i2c_ex.o
LOAD build/stm32l4xx_hal_pwr.o
LOAD build/stm32l4xx_hal_pwr_ex.o
LOAD build/stm32l4xx_hal_rcc.o
LOAD build/stm32l4xx_hal_rcc_ex.o
LOAD build/stm32l4xx_hal_tim.o
LOAD build/stm32l4xx_hal_tim_ex.o
LOAD build/startup_stm32l476xx.o
LOAD /usr/lib/gcc/arm-none-eabi/11.2.0/../../../../arm-none-eabi/lib/thumb/v7e-m+fp/hard/libc.a
LOAD /usr/lib/gcc/arm-none-eabi/11.2.0/../../../../arm-none-eabi/lib/thumb/v7e-m+fp/hard/libm.a
LOAD /usr/lib/gcc/arm-none-eabi/11.2.0/../../../../arm-none-eabi/lib/thumb/v7e-m+fp/hard/libnosys.a
START GROUP
LOAD /usr/lib/gcc/arm-none-eabi/11.2.0/thumb/v7e-m+fp/hard/libgcc.a
LOAD /usr/lib/gcc/arm-none-eabi/11.2.0/../../../../arm-none-eabi/lib/thumb/v7e-m+fp/hard/libc.a
END GROUP
START GROUP
LOAD /usr/lib/gcc/arm-none-eabi/11.2.0/thumb/v7e-m+fp/hard/libgcc.a
LOAD /usr/lib/gcc/arm-none-eabi/11.2.0/../../../../arm-none-eabi/lib/thumb/v7e-m+fp/hard/libc.a
LOAD /usr/lib/gcc/arm-none-eabi/11.2.0/../../../../arm-none-eabi/lib/thumb/v7e-m+fp/hard/libnosys.a
END GROUP
LOAD /usr/lib/gcc/arm-none-eabi/11.2.0/thumb/v7e-m+fp/hard/crtend.o
LOAD /usr/lib/gcc/arm-none-eabi/11.2.0/thumb/v7e-m+fp/hard/crtn.o
                0x0000000020018000                _estack = 0x20018000
                0x0000000000000200                _Min_Heap_Size = 0x200
                0x0000000000000400                _Min_Stack_Size = 0x400

.isr_vector     0x0000000008000000      0x188
                0x0000000008000000                . = ALIGN (0x8)
 *(.isr_vector)
 .isr_vector    0x0000000008000000      0x188 build/startup_stm32l476xx.o
                0x0000000008000000                g_pfnVectors
                0x0000000008000188                . = ALIGN (0x8)

.text           0x0000000008000188      0x310
                0x0000000008000188                . = ALIGN (0x8)
 *(.text)
 *(.text*)
 .text.__do_global_dtors_aux
                0x0000000008000188       0x24 /usr/lib/gcc/arm-none-eabi/11.2.0/thumb/v7e-m+fp/hard/crtbegin.o
 .text.frame_dummy
                0x00000000080001ac       0x1c /usr/lib/gcc/arm-none-eabi/11.2.0/thumb/v7e-m+fp/hard/crtbegin.o
 .text.GPIO_Init
                0x00000000080001c8       0x58 build/main.o
                0x00000000080001c8                GPIO_Init
 .text.delayms  0x0000000008000220       0x1c build/main.o
                0x0000000008000220                delayms
 .text.main     0x000000000800023c       0x58 build/main.o
                0x000000000800023c                main
 .text.NMI_Handler
                0x0000000008000294        0x2 build/stm32l4xx_it.o
                0x0000000008000294                NMI_Handler
 .text.HardFault_Handler
                0x0000000008000296        0x2 build/stm32l4xx_it.o
                0x0000000008000296                HardFault_Handler
 .text.MemManage_Handler
                0x0000000008000298        0x2 build/stm32l4xx_it.o
                0x0000000008000298                MemManage_Handler
 .text.BusFault_Handler
                0x000000000800029a        0x2 build/stm32l4xx_it.o
                0x000000000800029a                BusFault_Handler
 .text.UsageFault_Handler
                0x000000000800029c        0x2 build/stm32l4xx_it.o
                0x000000000800029c                UsageFault_Handler
 .text.SVC_Handler
                0x000000000800029e        0x2 build/stm32l4xx_it.o
                0x000000000800029e                SVC_Handler
 .text.DebugMon_Handler
                0x00000000080002a0        0x2 build/stm32l4xx_it.o
                0x00000000080002a0                DebugMon_Handler
 .text.PendSV_Handler
                0x00000000080002a2        0x2 build/stm32l4xx_it.o
                0x00000000080002a2                PendSV_Handler
 .text.SysTick_Handler
                0x00000000080002a4        0x8 build/stm32l4xx_it.o
                0x00000000080002a4                SysTick_Handler
 .text.SystemInit
                0x00000000080002ac       0x44 build/system_stm32l4xx.o
                0x00000000080002ac                SystemInit
 .text.HAL_IncTick
                0x00000000080002f0       0x18 build/stm32l4xx_hal.o
                0x00000000080002f0                HAL_IncTick
 .text.Reset_Handler
                0x0000000008000308       0x50 build/startup_stm32l476xx.o
                0x0000000008000308                Reset_Handler
 .text.Default_Handler
                0x0000000008000358        0x2 build/startup_stm32l476xx.o
                0x0000000008000358                RTC_Alarm_IRQHandler
                0x0000000008000358                EXTI2_IRQHandler
                0x0000000008000358                TIM8_TRG_COM_IRQHandler
                0x0000000008000358                TIM8_CC_IRQHandler
                0x0000000008000358                TIM1_CC_IRQHandler
                0x0000000008000358                TSC_IRQHandler
                0x0000000008000358                TAMP_STAMP_IRQHandler
                0x0000000008000358                EXTI3_IRQHandler
                0x0000000008000358                LPTIM2_IRQHandler
                0x0000000008000358                DFSDM1_FLT1_IRQHandler
                0x0000000008000358                I2C3_ER_IRQHandler
                0x0000000008000358                DFSDM1_FLT2_IRQHandler
                0x0000000008000358                EXTI0_IRQHandler
                0x0000000008000358                I2C2_EV_IRQHandler
                0x0000000008000358                CAN1_RX0_IRQHandler
                0x0000000008000358                FPU_IRQHandler
                0x0000000008000358                TIM1_UP_TIM16_IRQHandler
                0x0000000008000358                ADC1_2_IRQHandler
                0x0000000008000358                SPI1_IRQHandler
                0x0000000008000358                TIM6_DAC_IRQHandler
                0x0000000008000358                TIM8_UP_IRQHandler
                0x0000000008000358                DMA2_Channel2_IRQHandler
                0x0000000008000358                DMA1_Channel4_IRQHandler
                0x0000000008000358                SAI2_IRQHandler
                0x0000000008000358                DFSDM1_FLT3_IRQHandler
                0x0000000008000358                USART3_IRQHandler
                0x0000000008000358                DMA1_Channel7_IRQHandler
                0x0000000008000358                CAN1_RX1_IRQHandler
                0x0000000008000358                LCD_IRQHandler
                0x0000000008000358                UART5_IRQHandler
                0x0000000008000358                ADC3_IRQHandler
                0x0000000008000358                TIM4_IRQHandler
                0x0000000008000358                DMA2_Channel1_IRQHandler
                0x0000000008000358                QUADSPI_IRQHandler
                0x0000000008000358                I2C1_EV_IRQHandler
                0x0000000008000358                DMA1_Channel6_IRQHandler
                0x0000000008000358                UART4_IRQHandler
                0x0000000008000358                DMA2_Channel4_IRQHandler
                0x0000000008000358                TIM3_IRQHandler
                0x0000000008000358                RCC_IRQHandler
                0x0000000008000358                DMA1_Channel1_IRQHandler
                0x0000000008000358                Default_Handler
                0x0000000008000358                DMA2_Channel7_IRQHandler
                0x0000000008000358                EXTI15_10_IRQHandler
                0x0000000008000358                TIM7_IRQHandler
                0x0000000008000358                SDMMC1_IRQHandler
                0x0000000008000358                TIM5_IRQHandler
                0x0000000008000358                I2C3_EV_IRQHandler
                0x0000000008000358                EXTI9_5_IRQHandler
                0x0000000008000358                RTC_WKUP_IRQHandler
                0x0000000008000358                PVD_PVM_IRQHandler
                0x0000000008000358                SPI2_IRQHandler
                0x0000000008000358                CAN1_TX_IRQHandler
                0x0000000008000358                DMA2_Channel5_IRQHandler
                0x0000000008000358                DMA1_Channel5_IRQHandler
                0x0000000008000358                EXTI4_IRQHandler
                0x0000000008000358                RNG_IRQHandler
                0x0000000008000358                TIM1_TRG_COM_TIM17_IRQHandler
                0x0000000008000358                DMA1_Channel3_IRQHandler
                0x0000000008000358                COMP_IRQHandler
                0x0000000008000358                WWDG_IRQHandler
                0x0000000008000358                LPUART1_IRQHandler
                0x0000000008000358                DMA2_Channel6_IRQHandler
                0x0000000008000358                TIM2_IRQHandler
                0x0000000008000358                EXTI1_IRQHandler
                0x0000000008000358                USART2_IRQHandler
                0x0000000008000358                DFSDM1_FLT0_IRQHandler
                0x0000000008000358                I2C2_ER_IRQHandler
                0x0000000008000358                DMA1_Channel2_IRQHandler
                0x0000000008000358                TIM8_BRK_IRQHandler
                0x0000000008000358                CAN1_SCE_IRQHandler
                0x0000000008000358                FLASH_IRQHandler
                0x0000000008000358                USART1_IRQHandler
                0x0000000008000358                OTG_FS_IRQHandler
                0x0000000008000358                SPI3_IRQHandler
                0x0000000008000358                I2C1_ER_IRQHandler
                0x0000000008000358                FMC_IRQHandler
                0x0000000008000358                SWPMI1_IRQHandler
                0x0000000008000358                LPTIM1_IRQHandler
                0x0000000008000358                SAI1_IRQHandler
                0x0000000008000358                DMA2_Channel3_IRQHandler
                0x0000000008000358                TIM1_BRK_TIM15_IRQHandler
 *fill*         0x000000000800035a        0x2 
 .text.atexit   0x000000000800035c        0xc /usr/lib/gcc/arm-none-eabi/11.2.0/../../../../arm-none-eabi/lib/thumb/v7e-m+fp/hard/libc.a(lib_a-atexit.o)
                0x000000000800035c                atexit
 .text.__libc_fini_array
                0x0000000008000368       0x2c /usr/lib/gcc/arm-none-eabi/11.2.0/../../../../arm-none-eabi/lib/thumb/v7e-m+fp/hard/libc.a(lib_a-fini.o)
                0x0000000008000368                __libc_fini_array
 .text.__libc_init_array
                0x0000000008000394       0x48 /usr/lib/gcc/arm-none-eabi/11.2.0/../../../../arm-none-eabi/lib/thumb/v7e-m+fp/hard/libc.a(lib_a-init.o)
                0x0000000008000394                __libc_init_array
 .text.__register_exitproc
                0x00000000080003dc       0x84 /usr/lib/gcc/arm-none-eabi/11.2.0/../../../../arm-none-eabi/lib/thumb/v7e-m+fp/hard/libc.a(lib_a-__atexit.o)
                0x00000000080003dc                __register_exitproc
 .text.startup.register_fini
                0x0000000008000460       0x14 /usr/lib/gcc/arm-none-eabi/11.2.0/../../../../arm-none-eabi/lib/thumb/v7e-m+fp/hard/libc.a(lib_a-__call_atexit.o)
 .text.__retarget_lock_acquire_recursive
                0x0000000008000474        0x4 /usr/lib/gcc/arm-none-eabi/11.2.0/../../../../arm-none-eabi/lib/thumb/v7e-m+fp/hard/libc.a(lib_a-lock.o)
                0x0000000008000474                __retarget_lock_acquire_recursive
 .text.__retarget_lock_release_recursive
                0x0000000008000478        0x4 /usr/lib/gcc/arm-none-eabi/11.2.0/../../../../arm-none-eabi/lib/thumb/v7e-m+fp/hard/libc.a(lib_a-lock.o)
                0x0000000008000478                __retarget_lock_release_recursive
 *(.glue_7)
 .glue_7        0x000000000800047c        0x0 linker stubs
 *(.glue_7t)
 .glue_7t       0x000000000800047c        0x0 linker stubs
 *(.eh_frame)
 .eh_frame      0x000000000800047c        0x0 /usr/lib/gcc/arm-none-eabi/11.2.0/thumb/v7e-m+fp/hard/crtbegin.o
 *(.init)
 .init          0x000000000800047c        0x4 /usr/lib/gcc/arm-none-eabi/11.2.0/thumb/v7e-m+fp/hard/crti.o
                0x000000000800047c                _init
 .init          0x0000000008000480        0x8 /usr/lib/gcc/arm-none-eabi/11.2.0/thumb/v7e-m+fp/hard/crtn.o
 *(.fini)
 .fini          0x0000000008000488        0x4 /usr/lib/gcc/arm-none-eabi/11.2.0/thumb/v7e-m+fp/hard/crti.o
                0x0000000008000488                _fini
 .fini          0x000000000800048c        0x8 /usr/lib/gcc/arm-none-eabi/11.2.0/thumb/v7e-m+fp/hard/crtn.o
                0x0000000008000498                . = ALIGN (0x8)
 *fill*         0x0000000008000494        0x4 
                0x0000000008000498                _etext = .

.vfp11_veneer   0x0000000008000498        0x0
 .vfp11_veneer  0x0000000008000498        0x0 linker stubs

.v4_bx          0x0000000008000498        0x0
 .v4_bx         0x0000000008000498        0x0 linker stubs

.iplt           0x0000000008000498        0x0
 .iplt          0x0000000008000498        0x0 /usr/lib/gcc/arm-none-eabi/11.2.0/thumb/v7e-m+fp/hard/crtbegin.o

.rodata         0x0000000008000498       0x18
                0x0000000008000498                . = ALIGN (0x8)
 *(.rodata)
 *(.rodata*)
 .rodata.main.str1.4
                0x0000000008000498        0xd build/main.o
 *fill*         0x00000000080004a5        0x3 
 .rodata._global_impure_ptr
                0x00000000080004a8        0x4 /usr/lib/gcc/arm-none-eabi/11.2.0/../../../../arm-none-eabi/lib/thumb/v7e-m+fp/hard/libc.a(lib_a-impure.o)
                0x00000000080004a8                _global_impure_ptr
                0x00000000080004b0                . = ALIGN (0x8)
 *fill*         0x00000000080004ac        0x4 

.rel.dyn        0x00000000080004b0        0x0
 .rel.iplt      0x00000000080004b0        0x0 /usr/lib/gcc/arm-none-eabi/11.2.0/thumb/v7e-m+fp/hard/crtbegin.o

.ARM.extab      0x00000000080004b0        0x0
                0x00000000080004b0                . = ALIGN (0x8)
 *(.ARM.extab* .gnu.linkonce.armextab.*)
                0x00000000080004b0                . = ALIGN (0x8)

.ARM            0x00000000080004b0        0x0
                0x00000000080004b0                . = ALIGN (0x8)
                0x00000000080004b0                __exidx_start = .
 *(.ARM.exidx*)
                0x00000000080004b0                __exidx_end = .
                0x00000000080004b0                . = ALIGN (0x8)

.preinit_array  0x00000000080004b0        0x0
                0x00000000080004b0                . = ALIGN (0x8)
                0x00000000080004b0                PROVIDE (__preinit_array_start = .)
 *(.preinit_array*)
                0x00000000080004b0                PROVIDE (__preinit_array_end = .)
                0x00000000080004b0                . = ALIGN (0x8)

.init_array     0x00000000080004b0        0x8
                0x00000000080004b0                . = ALIGN (0x8)
                0x00000000080004b0                PROVIDE (__init_array_start = .)
 *(SORT_BY_NAME(.init_array.*))
 .init_array.00000
                0x00000000080004b0        0x4 /usr/lib/gcc/arm-none-eabi/11.2.0/../../../../arm-none-eabi/lib/thumb/v7e-m+fp/hard/libc.a(lib_a-__call_atexit.o)
 *(.init_array*)
 .init_array    0x00000000080004b4        0x4 /usr/lib/gcc/arm-none-eabi/11.2.0/thumb/v7e-m+fp/hard/crtbegin.o
                0x00000000080004b8                PROVIDE (__init_array_end = .)
                0x00000000080004b8                . = ALIGN (0x8)

.fini_array     0x00000000080004b8        0x8
                0x00000000080004b8                . = ALIGN (0x8)
                0x00000000080004b8                PROVIDE (__fini_array_start = .)
 *(SORT_BY_NAME(.fini_array.*))
 *(.fini_array*)
 .fini_array    0x00000000080004b8        0x4 /usr/lib/gcc/arm-none-eabi/11.2.0/thumb/v7e-m+fp/hard/crtbegin.o
                0x00000000080004bc                PROVIDE (__fini_array_end = .)
                0x00000000080004c0                . = ALIGN (0x8)
 *fill*         0x00000000080004bc        0x4 
                0x00000000080004c0                _sidata = LOADADDR (.data)

.data           0x0000000020000000      0x438 load address 0x00000000080004c0
                0x0000000020000000                . = ALIGN (0x8)
                0x0000000020000000                _sdata = .
 *(.data)
 *(.data*)
 .data.uwTickFreq
                0x0000000020000000        0x1 build/stm32l4xx_hal.o
                0x0000000020000000                uwTickFreq
 *fill*         0x0000000020000001        0x7 
 .data.impure_data
                0x0000000020000008      0x428 /usr/lib/gcc/arm-none-eabi/11.2.0/../../../../arm-none-eabi/lib/thumb/v7e-m+fp/hard/libc.a(lib_a-impure.o)
 .data.__atexit_recursive_mutex
                0x0000000020000430        0x4 /usr/lib/gcc/arm-none-eabi/11.2.0/../../../../arm-none-eabi/lib/thumb/v7e-m+fp/hard/libc.a(lib_a-__call_atexit.o)
                0x0000000020000430                __atexit_recursive_mutex
                0x0000000020000438                . = ALIGN (0x8)
 *fill*         0x0000000020000434        0x4 
                0x0000000020000438                _edata = .

.igot.plt       0x0000000020000438        0x0 load address 0x00000000080008f8
 .igot.plt      0x0000000020000438        0x0 /usr/lib/gcc/arm-none-eabi/11.2.0/thumb/v7e-m+fp/hard/crtbegin.o
                0x0000000020000438                . = ALIGN (0x4)

.bss            0x0000000020000438       0x88 load address 0x00000000080008f8
                0x0000000020000438                _sbss = .
                0x0000000020000438                __bss_start__ = _sbss
 *(.bss)
 *(.bss*)
 .bss.completed.1
                0x0000000020000438        0x1 /usr/lib/gcc/arm-none-eabi/11.2.0/thumb/v7e-m+fp/hard/crtbegin.o
 *fill*         0x0000000020000439        0x3 
 .bss.object.0  0x000000002000043c       0x18 /usr/lib/gcc/arm-none-eabi/11.2.0/thumb/v7e-m+fp/hard/crtbegin.o
 .bss.print_out
                0x0000000020000454       0x64 build/main.o
                0x0000000020000454                print_out
 .bss.uwTick    0x00000000200004b8        0x4 build/stm32l4xx_hal.o
                0x00000000200004b8                uwTick
 .bss.__lock___atexit_recursive_mutex
                0x00000000200004bc        0x1 /usr/lib/gcc/arm-none-eabi/11.2.0/../../../../arm-none-eabi/lib/thumb/v7e-m+fp/hard/libc.a(lib_a-lock.o)
                0x00000000200004bc                __lock___atexit_recursive_mutex
 *(COMMON)
                0x00000000200004c0                . = ALIGN (0x4)
 *fill*         0x00000000200004bd        0x3 
                0x00000000200004c0                _ebss = .
                0x00000000200004c0                __bss_end__ = _ebss

._user_heap_stack
                0x00000000200004c0      0x600 load address 0x00000000080008f8
                0x00000000200004c0                . = ALIGN (0x8)
                [!provide]                        PROVIDE (end = .)
                [!provide]                        PROVIDE (_end = .)
                0x00000000200006c0                . = (. + _Min_Heap_Size)
 *fill*         0x00000000200004c0      0x200 
                0x0000000020000ac0                . = (. + _Min_Stack_Size)
 *fill*         0x00000000200006c0      0x400 
                0x0000000020000ac0                . = ALIGN (0x8)

/DISCARD/
 libc.a(*)
 libm.a(*)
 libgcc.a(*)

.ARM.attributes
                0x0000000000000000       0x30
 *(.ARM.attributes)
 .ARM.attributes
                0x0000000000000000       0x1e /usr/lib/gcc/arm-none-eabi/11.2.0/thumb/v7e-m+fp/hard/crti.o
 .ARM.attributes
                0x000000000000001e       0x34 /usr/lib/gcc/arm-none-eabi/11.2.0/thumb/v7e-m+fp/hard/crtbegin.o
 .ARM.attributes
                0x0000000000000052       0x34 build/main.o
 .ARM.attributes
                0x0000000000000086       0x34 build/stm32l4xx_it.o
 .ARM.attributes
                0x00000000000000ba       0x34 build/system_stm32l4xx.o
 .ARM.attributes
                0x00000000000000ee       0x34 build/stm32l4xx_hal.o
 .ARM.attributes
                0x0000000000000122       0x21 build/startup_stm32l476xx.o
 .ARM.attributes
                0x0000000000000143       0x34 /usr/lib/gcc/arm-none-eabi/11.2.0/../../../../arm-none-eabi/lib/thumb/v7e-m+fp/hard/libc.a(lib_a-atexit.o)
 .ARM.attributes
                0x0000000000000177       0x34 /usr/lib/gcc/arm-none-eabi/11.2.0/../../../../arm-none-eabi/lib/thumb/v7e-m+fp/hard/libc.a(lib_a-fini.o)
 .ARM.attributes
                0x00000000000001ab       0x32 /usr/lib/gcc/arm-none-eabi/11.2.0/../../../../arm-none-eabi/lib/thumb/v7e-m+fp/hard/libc.a(lib_a-impure.o)
 .ARM.attributes
                0x00000000000001dd       0x34 /usr/lib/gcc/arm-none-eabi/11.2.0/../../../../arm-none-eabi/lib/thumb/v7e-m+fp/hard/libc.a(lib_a-init.o)
 .ARM.attributes
                0x0000000000000211       0x34 /usr/lib/gcc/arm-none-eabi/11.2.0/../../../../arm-none-eabi/lib/thumb/v7e-m+fp/hard/libc.a(lib_a-__atexit.o)
 .ARM.attributes
                0x0000000000000245       0x34 /usr/lib/gcc/arm-none-eabi/11.2.0/../../../../arm-none-eabi/lib/thumb/v7e-m+fp/hard/libc.a(lib_a-__call_atexit.o)
 .ARM.attributes
                0x0000000000000279       0x34 /usr/lib/gcc/arm-none-eabi/11.2.0/../../../../arm-none-eabi/lib/thumb/v7e-m+fp/hard/libc.a(lib_a-lock.o)
 .ARM.attributes
                0x00000000000002ad       0x1e /usr/lib/gcc/arm-none-eabi/11.2.0/thumb/v7e-m+fp/hard/crtn.o
OUTPUT(build/vscode_base.elf elf32-littlearm)
LOAD linker stubs
LOAD /usr/lib/gcc/arm-none-eabi/11.2.0/../../../../arm-none-eabi/lib/thumb/v7e-m+fp/hard/libc.a
LOAD /usr/lib/gcc/arm-none-eabi/11.2.0/../../../../arm-none-eabi/lib/thumb/v7e-m+fp/hard/libm.a
LOAD /usr/lib/gcc/arm-none-eabi/11.2.0/thumb/v7e-m+fp/hard/libgcc.a

.debug_info     0x0000000000000000     0x1a05
 .debug_info    0x0000000000000000      0x508 build/main.o
 .debug_info    0x0000000000000508      0x158 build/stm32l4xx_it.o
 .debug_info    0x0000000000000660      0x678 build/system_stm32l4xx.o
 .debug_info    0x0000000000000cd8      0xd0b build/stm32l4xx_hal.o
 .debug_info    0x00000000000019e3       0x22 build/startup_stm32l476xx.o

.debug_abbrev   0x0000000000000000      0x5c2
 .debug_abbrev  0x0000000000000000      0x191 build/main.o
 .debug_abbrev  0x0000000000000191       0x80 build/stm32l4xx_it.o
 .debug_abbrev  0x0000000000000211      0x11b build/system_stm32l4xx.o
 .debug_abbrev  0x000000000000032c      0x284 build/stm32l4xx_hal.o
 .debug_abbrev  0x00000000000005b0       0x12 build/startup_stm32l476xx.o

.debug_loc      0x0000000000000000      0x465
 .debug_loc     0x0000000000000000       0x6f build/main.o
 .debug_loc     0x000000000000006f       0x20 build/stm32l4xx_it.o
 .debug_loc     0x000000000000008f      0x127 build/system_stm32l4xx.o
 .debug_loc     0x00000000000001b6      0x2af build/stm32l4xx_hal.o

.debug_aranges  0x0000000000000000      0x210
 .debug_aranges
                0x0000000000000000       0x30 build/main.o
 .debug_aranges
                0x0000000000000030       0x60 build/stm32l4xx_it.o
 .debug_aranges
                0x0000000000000090       0x28 build/system_stm32l4xx.o
 .debug_aranges
                0x00000000000000b8      0x130 build/stm32l4xx_hal.o
 .debug_aranges
                0x00000000000001e8       0x28 build/startup_stm32l476xx.o

.debug_ranges   0x0000000000000000      0x1c8
 .debug_ranges  0x0000000000000000       0x20 build/main.o
 .debug_ranges  0x0000000000000020       0x50 build/stm32l4xx_it.o
 .debug_ranges  0x0000000000000070       0x18 build/system_stm32l4xx.o
 .debug_ranges  0x0000000000000088      0x120 build/stm32l4xx_hal.o
 .debug_ranges  0x00000000000001a8       0x20 build/startup_stm32l476xx.o

.debug_line     0x0000000000000000      0xc83
 .debug_line    0x0000000000000000      0x1fb build/main.o
 .debug_line    0x00000000000001fb      0x177 build/stm32l4xx_it.o
 .debug_line    0x0000000000000372      0x266 build/system_stm32l4xx.o
 .debug_line    0x00000000000005d8      0x636 build/stm32l4xx_hal.o
 .debug_line    0x0000000000000c0e       0x75 build/startup_stm32l476xx.o

.debug_str      0x0000000000000000      0xe97
 .debug_str     0x0000000000000000      0x2de build/main.o
                                        0x32e (size before relaxing)
 .debug_str     0x00000000000002de       0xb4 build/stm32l4xx_it.o
                                        0x1f7 (size before relaxing)
 .debug_str     0x0000000000000392       0xf9 build/system_stm32l4xx.o
                                        0x3a1 (size before relaxing)
 .debug_str     0x000000000000048b      0x9ea build/stm32l4xx_hal.o
                                        0xcc0 (size before relaxing)
 .debug_str     0x0000000000000e75       0x22 build/startup_stm32l476xx.o
                                         0x43 (size before relaxing)

.comment        0x0000000000000000       0x1e
 .comment       0x0000000000000000       0x1e build/main.o
                                         0x1f (size before relaxing)
 .comment       0x000000000000001e       0x1f build/stm32l4xx_it.o
 .comment       0x000000000000001e       0x1f build/system_stm32l4xx.o
 .comment       0x000000000000001e       0x1f build/stm32l4xx_hal.o

.debug_frame    0x0000000000000000      0x56c
 .debug_frame   0x0000000000000000       0x54 build/main.o
 .debug_frame   0x0000000000000054       0xa8 build/stm32l4xx_it.o
 .debug_frame   0x00000000000000fc       0x30 build/system_stm32l4xx.o
 .debug_frame   0x000000000000012c      0x274 build/stm32l4xx_hal.o
 .debug_frame   0x00000000000003a0       0x20 /usr/lib/gcc/arm-none-eabi/11.2.0/../../../../arm-none-eabi/lib/thumb/v7e-m+fp/hard/libc.a(lib_a-atexit.o)
 .debug_frame   0x00000000000003c0       0x34 /usr/lib/gcc/arm-none-eabi/11.2.0/../../../../arm-none-eabi/lib/thumb/v7e-m+fp/hard/libc.a(lib_a-fini.o)
 .debug_frame   0x00000000000003f4       0x2c /usr/lib/gcc/arm-none-eabi/11.2.0/../../../../arm-none-eabi/lib/thumb/v7e-m+fp/hard/libc.a(lib_a-init.o)
 .debug_frame   0x0000000000000420       0x34 /usr/lib/gcc/arm-none-eabi/11.2.0/../../../../arm-none-eabi/lib/thumb/v7e-m+fp/hard/libc.a(lib_a-__atexit.o)
 .debug_frame   0x0000000000000454       0x68 /usr/lib/gcc/arm-none-eabi/11.2.0/../../../../arm-none-eabi/lib/thumb/v7e-m+fp/hard/libc.a(lib_a-__call_atexit.o)
 .debug_frame   0x00000000000004bc       0xb0 /usr/lib/gcc/arm-none-eabi/11.2.0/../../../../arm-none-eabi/lib/thumb/v7e-m+fp/hard/libc.a(lib_a-lock.o)

Cross Reference Table

Symbol                                            File
ADC1_2_IRQHandler                                 build/startup_stm32l476xx.o
ADC3_IRQHandler                                   build/startup_stm32l476xx.o
AHBPrescTable                                     build/system_stm32l4xx.o
                                                  build/stm32l4xx_hal_rcc.o
APBPrescTable                                     build/system_stm32l4xx.o
                                                  build/stm32l4xx_hal_rcc.o
BusFault_Handler                                  build/stm32l4xx_it.o
CAN1_RX0_IRQHandler                               build/startup_stm32l476xx.o
CAN1_RX1_IRQHandler                               build/startup_stm32l476xx.o
CAN1_SCE_IRQHandler                               build/startup_stm32l476xx.o
CAN1_TX_IRQHandler                                build/startup_stm32l476xx.o
COMP_IRQHandler                                   build/startup_stm32l476xx.o
DFSDM1_FLT0_IRQHandler                            build/startup_stm32l476xx.o
DFSDM1_FLT1_IRQHandler                            build/startup_stm32l476xx.o
DFSDM1_FLT2_IRQHandler                            build/startup_stm32l476xx.o
DFSDM1_FLT3_IRQHandler                            build/startup_stm32l476xx.o
DMA1_Channel1_IRQHandler                          build/startup_stm32l476xx.o
DMA1_Channel2_IRQHandler                          build/startup_stm32l476xx.o
DMA1_Channel3_IRQHandler                          build/startup_stm32l476xx.o
DMA1_Channel4_IRQHandler                          build/startup_stm32l476xx.o
DMA1_Channel5_IRQHandler                          build/startup_stm32l476xx.o
DMA1_Channel6_IRQHandler                          build/startup_stm32l476xx.o
DMA1_Channel7_IRQHandler                          build/startup_stm32l476xx.o
DMA2_Channel1_IRQHandler                          build/startup_stm32l476xx.o
DMA2_Channel2_IRQHandler                          build/startup_stm32l476xx.o
DMA2_Channel3_IRQHandler                          build/startup_stm32l476xx.o
DMA2_Channel4_IRQHandler                          build/startup_stm32l476xx.o
DMA2_Channel5_IRQHandler                          build/startup_stm32l476xx.o
DMA2_Channel6_IRQHandler                          build/startup_stm32l476xx.o
DMA2_Channel7_IRQHandler                          build/startup_stm32l476xx.o
DebugMon_Handler                                  build/stm32l4xx_it.o
Default_Handler                                   build/startup_stm32l476xx.o
EXTI0_IRQHandler                                  build/startup_stm32l476xx.o
EXTI15_10_IRQHandler                              build/startup_stm32l476xx.o
EXTI1_IRQHandler                                  build/startup_stm32l476xx.o
EXTI2_IRQHandler                                  build/startup_stm32l476xx.o
EXTI3_IRQHandler                                  build/startup_stm32l476xx.o
EXTI4_IRQHandler                                  build/startup_stm32l476xx.o
EXTI9_5_IRQHandler                                build/startup_stm32l476xx.o
FLASH_FlushCaches                                 build/stm32l4xx_hal_flash_ex.o
                                                  build/stm32l4xx_hal_flash.o
FLASH_IRQHandler                                  build/startup_stm32l476xx.o
FLASH_PageErase                                   build/stm32l4xx_hal_flash_ex.o
                                                  build/stm32l4xx_hal_flash.o
FLASH_WaitForLastOperation                        build/stm32l4xx_hal_flash.o
                                                  build/stm32l4xx_hal_flash_ex.o
FMC_IRQHandler                                    build/startup_stm32l476xx.o
FPU_IRQHandler                                    build/startup_stm32l476xx.o
GPIO_Init                                         build/main.o
HAL_DBGMCU_DisableDBGSleepMode                    build/stm32l4xx_hal.o
HAL_DBGMCU_DisableDBGStandbyMode                  build/stm32l4xx_hal.o
HAL_DBGMCU_DisableDBGStopMode                     build/stm32l4xx_hal.o
HAL_DBGMCU_EnableDBGSleepMode                     build/stm32l4xx_hal.o
HAL_DBGMCU_EnableDBGStandbyMode                   build/stm32l4xx_hal.o
HAL_DBGMCU_EnableDBGStopMode                      build/stm32l4xx_hal.o
HAL_DMA_Abort                                     build/stm32l4xx_hal_dma.o
HAL_DMA_Abort_IT                                  build/stm32l4xx_hal_dma.o
                                                  build/stm32l4xx_hal_i2c.o
HAL_DMA_DeInit                                    build/stm32l4xx_hal_dma.o
HAL_DMA_GetError                                  build/stm32l4xx_hal_dma.o
HAL_DMA_GetState                                  build/stm32l4xx_hal_dma.o
                                                  build/stm32l4xx_hal_i2c.o
HAL_DMA_IRQHandler                                build/stm32l4xx_hal_dma.o
HAL_DMA_Init                                      build/stm32l4xx_hal_dma.o
HAL_DMA_PollForTransfer                           build/stm32l4xx_hal_dma.o
HAL_DMA_RegisterCallback                          build/stm32l4xx_hal_dma.o
HAL_DMA_Start                                     build/stm32l4xx_hal_dma.o
HAL_DMA_Start_IT                                  build/stm32l4xx_hal_dma.o
                                                  build/stm32l4xx_hal_i2c.o
HAL_DMA_UnRegisterCallback                        build/stm32l4xx_hal_dma.o
HAL_DeInit                                        build/stm32l4xx_hal.o
HAL_Delay                                         build/stm32l4xx_hal.o
HAL_EXTI_ClearConfigLine                          build/stm32l4xx_hal_exti.o
HAL_EXTI_ClearPending                             build/stm32l4xx_hal_exti.o
HAL_EXTI_GenerateSWI                              build/stm32l4xx_hal_exti.o
HAL_EXTI_GetConfigLine                            build/stm32l4xx_hal_exti.o
HAL_EXTI_GetHandle                                build/stm32l4xx_hal_exti.o
HAL_EXTI_GetPending                               build/stm32l4xx_hal_exti.o
HAL_EXTI_IRQHandler                               build/stm32l4xx_hal_exti.o
HAL_EXTI_RegisterCallback                         build/stm32l4xx_hal_exti.o
HAL_EXTI_SetConfigLine                            build/stm32l4xx_hal_exti.o
HAL_FLASHEx_DisableRunPowerDown                   build/stm32l4xx_hal_flash_ramfunc.o
HAL_FLASHEx_EnableRunPowerDown                    build/stm32l4xx_hal_flash_ramfunc.o
HAL_FLASHEx_Erase                                 build/stm32l4xx_hal_flash_ex.o
HAL_FLASHEx_Erase_IT                              build/stm32l4xx_hal_flash_ex.o
HAL_FLASHEx_OBGetConfig                           build/stm32l4xx_hal_flash_ex.o
HAL_FLASHEx_OBProgram                             build/stm32l4xx_hal_flash_ex.o
HAL_FLASH_EndOfOperationCallback                  build/stm32l4xx_hal_flash.o
HAL_FLASH_GetError                                build/stm32l4xx_hal_flash.o
HAL_FLASH_IRQHandler                              build/stm32l4xx_hal_flash.o
HAL_FLASH_Lock                                    build/stm32l4xx_hal_flash.o
HAL_FLASH_OB_Launch                               build/stm32l4xx_hal_flash.o
HAL_FLASH_OB_Lock                                 build/stm32l4xx_hal_flash.o
HAL_FLASH_OB_Unlock                               build/stm32l4xx_hal_flash.o
HAL_FLASH_OperationErrorCallback                  build/stm32l4xx_hal_flash.o
HAL_FLASH_Program                                 build/stm32l4xx_hal_flash.o
HAL_FLASH_Program_IT                              build/stm32l4xx_hal_flash.o
HAL_FLASH_Unlock                                  build/stm32l4xx_hal_flash.o
HAL_GPIO_DeInit                                   build/stm32l4xx_hal_gpio.o
HAL_GPIO_EXTI_Callback                            build/stm32l4xx_hal_gpio.o
HAL_GPIO_EXTI_IRQHandler                          build/stm32l4xx_hal_gpio.o
HAL_GPIO_Init                                     build/stm32l4xx_hal_gpio.o
                                                  build/stm32l4xx_hal_rcc_ex.o
                                                  build/stm32l4xx_hal_rcc.o
HAL_GPIO_LockPin                                  build/stm32l4xx_hal_gpio.o
HAL_GPIO_ReadPin                                  build/stm32l4xx_hal_gpio.o
HAL_GPIO_TogglePin                                build/stm32l4xx_hal_gpio.o
HAL_GPIO_WritePin                                 build/stm32l4xx_hal_gpio.o
HAL_GetDEVID                                      build/stm32l4xx_hal.o
HAL_GetHalVersion                                 build/stm32l4xx_hal.o
HAL_GetREVID                                      build/stm32l4xx_hal.o
HAL_GetTick                                       build/stm32l4xx_hal.o
                                                  build/stm32l4xx_hal_rcc_ex.o
                                                  build/stm32l4xx_hal_rcc.o
                                                  build/stm32l4xx_hal_i2c.o
                                                  build/stm32l4xx_hal_flash.o
                                                  build/stm32l4xx_hal_dma.o
HAL_GetTickFreq                                   build/stm32l4xx_hal.o
HAL_GetTickPrio                                   build/stm32l4xx_hal.o
HAL_GetUIDw0                                      build/stm32l4xx_hal.o
HAL_GetUIDw1                                      build/stm32l4xx_hal.o
HAL_GetUIDw2                                      build/stm32l4xx_hal.o
HAL_I2CEx_ConfigAnalogFilter                      build/stm32l4xx_hal_i2c_ex.o
HAL_I2CEx_ConfigDigitalFilter                     build/stm32l4xx_hal_i2c_ex.o
HAL_I2CEx_DisableFastModePlus                     build/stm32l4xx_hal_i2c_ex.o
HAL_I2CEx_DisableWakeUp                           build/stm32l4xx_hal_i2c_ex.o
HAL_I2CEx_EnableFastModePlus                      build/stm32l4xx_hal_i2c_ex.o
HAL_I2CEx_EnableWakeUp                            build/stm32l4xx_hal_i2c_ex.o
HAL_I2C_AbortCpltCallback                         build/stm32l4xx_hal_i2c.o
HAL_I2C_AddrCallback                              build/stm32l4xx_hal_i2c.o
HAL_I2C_DeInit                                    build/stm32l4xx_hal_i2c.o
HAL_I2C_DisableListen_IT                          build/stm32l4xx_hal_i2c.o
HAL_I2C_ER_IRQHandler                             build/stm32l4xx_hal_i2c.o
HAL_I2C_EV_IRQHandler                             build/stm32l4xx_hal_i2c.o
HAL_I2C_EnableListen_IT                           build/stm32l4xx_hal_i2c.o
HAL_I2C_ErrorCallback                             build/stm32l4xx_hal_i2c.o
HAL_I2C_GetError                                  build/stm32l4xx_hal_i2c.o
HAL_I2C_GetMode                                   build/stm32l4xx_hal_i2c.o
HAL_I2C_GetState                                  build/stm32l4xx_hal_i2c.o
HAL_I2C_Init                                      build/stm32l4xx_hal_i2c.o
HAL_I2C_IsDeviceReady                             build/stm32l4xx_hal_i2c.o
HAL_I2C_ListenCpltCallback                        build/stm32l4xx_hal_i2c.o
HAL_I2C_MasterRxCpltCallback                      build/stm32l4xx_hal_i2c.o
HAL_I2C_MasterTxCpltCallback                      build/stm32l4xx_hal_i2c.o
HAL_I2C_Master_Abort_IT                           build/stm32l4xx_hal_i2c.o
HAL_I2C_Master_Receive                            build/stm32l4xx_hal_i2c.o
HAL_I2C_Master_Receive_DMA                        build/stm32l4xx_hal_i2c.o
HAL_I2C_Master_Receive_IT                         build/stm32l4xx_hal_i2c.o
HAL_I2C_Master_Seq_Receive_DMA                    build/stm32l4xx_hal_i2c.o
HAL_I2C_Master_Seq_Receive_IT                     build/stm32l4xx_hal_i2c.o
HAL_I2C_Master_Seq_Transmit_DMA                   build/stm32l4xx_hal_i2c.o
HAL_I2C_Master_Seq_Transmit_IT                    build/stm32l4xx_hal_i2c.o
HAL_I2C_Master_Transmit                           build/stm32l4xx_hal_i2c.o
HAL_I2C_Master_Transmit_DMA                       build/stm32l4xx_hal_i2c.o
HAL_I2C_Master_Transmit_IT                        build/stm32l4xx_hal_i2c.o
HAL_I2C_MemRxCpltCallback                         build/stm32l4xx_hal_i2c.o
HAL_I2C_MemTxCpltCallback                         build/stm32l4xx_hal_i2c.o
HAL_I2C_Mem_Read                                  build/stm32l4xx_hal_i2c.o
HAL_I2C_Mem_Read_DMA                              build/stm32l4xx_hal_i2c.o
HAL_I2C_Mem_Read_IT                               build/stm32l4xx_hal_i2c.o
HAL_I2C_Mem_Write                                 build/stm32l4xx_hal_i2c.o
HAL_I2C_Mem_Write_DMA                             build/stm32l4xx_hal_i2c.o
HAL_I2C_Mem_Write_IT                              build/stm32l4xx_hal_i2c.o
HAL_I2C_MspDeInit                                 build/stm32l4xx_hal_i2c.o
HAL_I2C_MspInit                                   build/stm32l4xx_hal_i2c.o
HAL_I2C_SlaveRxCpltCallback                       build/stm32l4xx_hal_i2c.o
HAL_I2C_SlaveTxCpltCallback                       build/stm32l4xx_hal_i2c.o
HAL_I2C_Slave_Receive                             build/stm32l4xx_hal_i2c.o
HAL_I2C_Slave_Receive_DMA                         build/stm32l4xx_hal_i2c.o
HAL_I2C_Slave_Receive_IT                          build/stm32l4xx_hal_i2c.o
HAL_I2C_Slave_Seq_Receive_DMA                     build/stm32l4xx_hal_i2c.o
HAL_I2C_Slave_Seq_Receive_IT                      build/stm32l4xx_hal_i2c.o
HAL_I2C_Slave_Seq_Transmit_DMA                    build/stm32l4xx_hal_i2c.o
HAL_I2C_Slave_Seq_Transmit_IT                     build/stm32l4xx_hal_i2c.o
HAL_I2C_Slave_Transmit                            build/stm32l4xx_hal_i2c.o
HAL_I2C_Slave_Transmit_DMA                        build/stm32l4xx_hal_i2c.o
HAL_I2C_Slave_Transmit_IT                         build/stm32l4xx_hal_i2c.o
HAL_IncTick                                       build/stm32l4xx_hal.o
                                                  build/stm32l4xx_it.o
HAL_Init                                          build/stm32l4xx_hal.o
HAL_InitTick                                      build/stm32l4xx_hal.o
                                                  build/stm32l4xx_hal_rcc.o
HAL_MPU_ConfigRegion                              build/stm32l4xx_hal_cortex.o
HAL_MPU_Disable                                   build/stm32l4xx_hal_cortex.o
HAL_MPU_Enable                                    build/stm32l4xx_hal_cortex.o
HAL_MspDeInit                                     build/stm32l4xx_hal.o
HAL_MspInit                                       build/stm32l4xx_hal_msp.o
HAL_NVIC_ClearPendingIRQ                          build/stm32l4xx_hal_cortex.o
HAL_NVIC_DisableIRQ                               build/stm32l4xx_hal_cortex.o
HAL_NVIC_EnableIRQ                                build/stm32l4xx_hal_cortex.o
HAL_NVIC_GetActive                                build/stm32l4xx_hal_cortex.o
HAL_NVIC_GetPendingIRQ                            build/stm32l4xx_hal_cortex.o
HAL_NVIC_GetPriority                              build/stm32l4xx_hal_cortex.o
HAL_NVIC_GetPriorityGrouping                      build/stm32l4xx_hal_cortex.o
HAL_NVIC_SetPendingIRQ                            build/stm32l4xx_hal_cortex.o
HAL_NVIC_SetPriority                              build/stm32l4xx_hal_cortex.o
                                                  build/stm32l4xx_hal.o
HAL_NVIC_SetPriorityGrouping                      build/stm32l4xx_hal_cortex.o
                                                  build/stm32l4xx_hal.o
HAL_NVIC_SystemReset                              build/stm32l4xx_hal_cortex.o
HAL_PWREx_ConfigPVM                               build/stm32l4xx_hal_pwr_ex.o
HAL_PWREx_ControlVoltageScaling                   build/stm32l4xx_hal_pwr_ex.o
HAL_PWREx_DisableBatteryCharging                  build/stm32l4xx_hal_pwr_ex.o
HAL_PWREx_DisableGPIOPullDown                     build/stm32l4xx_hal_pwr_ex.o
HAL_PWREx_DisableGPIOPullUp                       build/stm32l4xx_hal_pwr_ex.o
HAL_PWREx_DisableInternalWakeUpLine               build/stm32l4xx_hal_pwr_ex.o
HAL_PWREx_DisableLowPowerRunMode                  build/stm32l4xx_hal_pwr_ex.o
                                                  build/stm32l4xx_hal_pwr.o
HAL_PWREx_DisablePVM1                             build/stm32l4xx_hal_pwr_ex.o
HAL_PWREx_DisablePVM2                             build/stm32l4xx_hal_pwr_ex.o
HAL_PWREx_DisablePVM3                             build/stm32l4xx_hal_pwr_ex.o
HAL_PWREx_DisablePVM4                             build/stm32l4xx_hal_pwr_ex.o
HAL_PWREx_DisablePullUpPullDownConfig             build/stm32l4xx_hal_pwr_ex.o
HAL_PWREx_DisableSRAM2ContentRetention            build/stm32l4xx_hal_pwr_ex.o
HAL_PWREx_DisableVddIO2                           build/stm32l4xx_hal_pwr_ex.o
HAL_PWREx_DisableVddUSB                           build/stm32l4xx_hal_pwr_ex.o
HAL_PWREx_EnableBatteryCharging                   build/stm32l4xx_hal_pwr_ex.o
HAL_PWREx_EnableGPIOPullDown                      build/stm32l4xx_hal_pwr_ex.o
HAL_PWREx_EnableGPIOPullUp                        build/stm32l4xx_hal_pwr_ex.o
HAL_PWREx_EnableInternalWakeUpLine                build/stm32l4xx_hal_pwr_ex.o
HAL_PWREx_EnableLowPowerRunMode                   build/stm32l4xx_hal_pwr_ex.o
                                                  build/stm32l4xx_hal_pwr.o
HAL_PWREx_EnablePVM1                              build/stm32l4xx_hal_pwr_ex.o
HAL_PWREx_EnablePVM2                              build/stm32l4xx_hal_pwr_ex.o
HAL_PWREx_EnablePVM3                              build/stm32l4xx_hal_pwr_ex.o
HAL_PWREx_EnablePVM4                              build/stm32l4xx_hal_pwr_ex.o
HAL_PWREx_EnablePullUpPullDownConfig              build/stm32l4xx_hal_pwr_ex.o
HAL_PWREx_EnableSRAM2ContentRetention             build/stm32l4xx_hal_pwr_ex.o
HAL_PWREx_EnableVddIO2                            build/stm32l4xx_hal_pwr_ex.o
HAL_PWREx_EnableVddUSB                            build/stm32l4xx_hal_pwr_ex.o
HAL_PWREx_EnterSHUTDOWNMode                       build/stm32l4xx_hal_pwr_ex.o
HAL_PWREx_EnterSTOP0Mode                          build/stm32l4xx_hal_pwr_ex.o
                                                  build/stm32l4xx_hal_pwr.o
HAL_PWREx_EnterSTOP1Mode                          build/stm32l4xx_hal_pwr_ex.o
                                                  build/stm32l4xx_hal_pwr.o
HAL_PWREx_EnterSTOP2Mode                          build/stm32l4xx_hal_pwr_ex.o
HAL_PWREx_GetVoltageRange                         build/stm32l4xx_hal_pwr_ex.o
                                                  build/stm32l4xx_hal_rcc.o
HAL_PWREx_PVD_PVM_IRQHandler                      build/stm32l4xx_hal_pwr_ex.o
HAL_PWREx_PVM1Callback                            build/stm32l4xx_hal_pwr_ex.o
HAL_PWREx_PVM2Callback                            build/stm32l4xx_hal_pwr_ex.o
HAL_PWREx_PVM3Callback                            build/stm32l4xx_hal_pwr_ex.o
HAL_PWREx_PVM4Callback                            build/stm32l4xx_hal_pwr_ex.o
HAL_PWREx_SetSRAM2ContentRetention                build/stm32l4xx_hal_pwr_ex.o
HAL_PWR_ConfigPVD                                 build/stm32l4xx_hal_pwr.o
HAL_PWR_DeInit                                    build/stm32l4xx_hal_pwr.o
HAL_PWR_DisableBkUpAccess                         build/stm32l4xx_hal_pwr.o
                                                  build/stm32l4xx_hal_rcc_ex.o
HAL_PWR_DisablePVD                                build/stm32l4xx_hal_pwr.o
HAL_PWR_DisableSEVOnPend                          build/stm32l4xx_hal_pwr.o
HAL_PWR_DisableSleepOnExit                        build/stm32l4xx_hal_pwr.o
HAL_PWR_DisableWakeUpPin                          build/stm32l4xx_hal_pwr.o
HAL_PWR_EnableBkUpAccess                          build/stm32l4xx_hal_pwr.o
                                                  build/stm32l4xx_hal_rcc_ex.o
HAL_PWR_EnablePVD                                 build/stm32l4xx_hal_pwr.o
HAL_PWR_EnableSEVOnPend                           build/stm32l4xx_hal_pwr.o
HAL_PWR_EnableSleepOnExit                         build/stm32l4xx_hal_pwr.o
HAL_PWR_EnableWakeUpPin                           build/stm32l4xx_hal_pwr.o
HAL_PWR_EnterSLEEPMode                            build/stm32l4xx_hal_pwr.o
HAL_PWR_EnterSTANDBYMode                          build/stm32l4xx_hal_pwr.o
HAL_PWR_EnterSTOPMode                             build/stm32l4xx_hal_pwr.o
HAL_PWR_PVDCallback                               build/stm32l4xx_hal_pwr.o
                                                  build/stm32l4xx_hal_pwr_ex.o
HAL_RCCEx_DisableLSCO                             build/stm32l4xx_hal_rcc_ex.o
HAL_RCCEx_DisableLSECSS                           build/stm32l4xx_hal_rcc_ex.o
HAL_RCCEx_DisableMSIPLLMode                       build/stm32l4xx_hal_rcc_ex.o
HAL_RCCEx_DisablePLLSAI1                          build/stm32l4xx_hal_rcc_ex.o
HAL_RCCEx_DisablePLLSAI2                          build/stm32l4xx_hal_rcc_ex.o
HAL_RCCEx_EnableLSCO                              build/stm32l4xx_hal_rcc_ex.o
HAL_RCCEx_EnableLSECSS                            build/stm32l4xx_hal_rcc_ex.o
HAL_RCCEx_EnableLSECSS_IT                         build/stm32l4xx_hal_rcc_ex.o
HAL_RCCEx_EnableMSIPLLMode                        build/stm32l4xx_hal_rcc_ex.o
HAL_RCCEx_EnablePLLSAI1                           build/stm32l4xx_hal_rcc_ex.o
HAL_RCCEx_EnablePLLSAI2                           build/stm32l4xx_hal_rcc_ex.o
HAL_RCCEx_GetPeriphCLKConfig                      build/stm32l4xx_hal_rcc_ex.o
HAL_RCCEx_GetPeriphCLKFreq                        build/stm32l4xx_hal_rcc_ex.o
HAL_RCCEx_LSECSS_Callback                         build/stm32l4xx_hal_rcc_ex.o
HAL_RCCEx_LSECSS_IRQHandler                       build/stm32l4xx_hal_rcc_ex.o
HAL_RCCEx_PeriphCLKConfig                         build/stm32l4xx_hal_rcc_ex.o
HAL_RCCEx_StandbyMSIRangeConfig                   build/stm32l4xx_hal_rcc_ex.o
HAL_RCCEx_WakeUpStopCLKConfig                     build/stm32l4xx_hal_rcc_ex.o
HAL_RCC_CSSCallback                               build/stm32l4xx_hal_rcc.o
HAL_RCC_ClockConfig                               build/stm32l4xx_hal_rcc.o
HAL_RCC_DeInit                                    build/stm32l4xx_hal_rcc.o
HAL_RCC_EnableCSS                                 build/stm32l4xx_hal_rcc.o
HAL_RCC_GetClockConfig                            build/stm32l4xx_hal_rcc.o
HAL_RCC_GetHCLKFreq                               build/stm32l4xx_hal_rcc.o
HAL_RCC_GetOscConfig                              build/stm32l4xx_hal_rcc.o
HAL_RCC_GetPCLK1Freq                              build/stm32l4xx_hal_rcc.o
                                                  build/stm32l4xx_hal_rcc_ex.o
HAL_RCC_GetPCLK2Freq                              build/stm32l4xx_hal_rcc.o
                                                  build/stm32l4xx_hal_rcc_ex.o
HAL_RCC_GetSysClockFreq                           build/stm32l4xx_hal_rcc.o
                                                  build/stm32l4xx_hal_rcc_ex.o
HAL_RCC_MCOConfig                                 build/stm32l4xx_hal_rcc.o
HAL_RCC_NMI_IRQHandler                            build/stm32l4xx_hal_rcc.o
HAL_RCC_OscConfig                                 build/stm32l4xx_hal_rcc.o
HAL_ResumeTick                                    build/stm32l4xx_hal.o
HAL_SYSCFG_DisableIOAnalogSwitchBooster           build/stm32l4xx_hal.o
HAL_SYSCFG_DisableMemorySwappingBank              build/stm32l4xx_hal.o
HAL_SYSCFG_DisableVREFBUF                         build/stm32l4xx_hal.o
HAL_SYSCFG_EnableIOAnalogSwitchBooster            build/stm32l4xx_hal.o
HAL_SYSCFG_EnableMemorySwappingBank               build/stm32l4xx_hal.o
HAL_SYSCFG_EnableVREFBUF                          build/stm32l4xx_hal.o
HAL_SYSCFG_SRAM2Erase                             build/stm32l4xx_hal.o
HAL_SYSCFG_VREFBUF_HighImpedanceConfig            build/stm32l4xx_hal.o
HAL_SYSCFG_VREFBUF_TrimmingConfig                 build/stm32l4xx_hal.o
HAL_SYSCFG_VREFBUF_VoltageScalingConfig           build/stm32l4xx_hal.o
HAL_SYSTICK_CLKSourceConfig                       build/stm32l4xx_hal_cortex.o
HAL_SYSTICK_Callback                              build/stm32l4xx_hal_cortex.o
HAL_SYSTICK_Config                                build/stm32l4xx_hal_cortex.o
                                                  build/stm32l4xx_hal.o
HAL_SYSTICK_IRQHandler                            build/stm32l4xx_hal_cortex.o
HAL_SetTickFreq                                   build/stm32l4xx_hal.o
HAL_SuspendTick                                   build/stm32l4xx_hal.o
HardFault_Handler                                 build/stm32l4xx_it.o
I2C1_ER_IRQHandler                                build/startup_stm32l476xx.o
I2C1_EV_IRQHandler                                build/startup_stm32l476xx.o
I2C2_ER_IRQHandler                                build/startup_stm32l476xx.o
I2C2_EV_IRQHandler                                build/startup_stm32l476xx.o
I2C3_ER_IRQHandler                                build/startup_stm32l476xx.o
I2C3_EV_IRQHandler                                build/startup_stm32l476xx.o
LCD_IRQHandler                                    build/startup_stm32l476xx.o
LPTIM1_IRQHandler                                 build/startup_stm32l476xx.o
LPTIM2_IRQHandler                                 build/startup_stm32l476xx.o
LPUART1_IRQHandler                                build/startup_stm32l476xx.o
MSIRangeTable                                     build/system_stm32l4xx.o
                                                  build/stm32l4xx_hal_rcc_ex.o
                                                  build/stm32l4xx_hal_rcc.o
MemManage_Handler                                 build/stm32l4xx_it.o
NMI_Handler                                       build/stm32l4xx_it.o
OTG_FS_IRQHandler                                 build/startup_stm32l476xx.o
PVD_PVM_IRQHandler                                build/startup_stm32l476xx.o
PendSV_Handler                                    build/stm32l4xx_it.o
QUADSPI_IRQHandler                                build/startup_stm32l476xx.o
RCC_IRQHandler                                    build/startup_stm32l476xx.o
RNG_IRQHandler                                    build/startup_stm32l476xx.o
RTC_Alarm_IRQHandler                              build/startup_stm32l476xx.o
RTC_WKUP_IRQHandler                               build/startup_stm32l476xx.o
Reset_Handler                                     build/startup_stm32l476xx.o
SAI1_IRQHandler                                   build/startup_stm32l476xx.o
SAI2_IRQHandler                                   build/startup_stm32l476xx.o
SDMMC1_IRQHandler                                 build/startup_stm32l476xx.o
SPI1_IRQHandler                                   build/startup_stm32l476xx.o
SPI2_IRQHandler                                   build/startup_stm32l476xx.o
SPI3_IRQHandler                                   build/startup_stm32l476xx.o
SVC_Handler                                       build/stm32l4xx_it.o
SWPMI1_IRQHandler                                 build/startup_stm32l476xx.o
SysTick_Handler                                   build/stm32l4xx_it.o
SystemCoreClock                                   build/system_stm32l4xx.o
                                                  build/stm32l4xx_hal_rcc.o
                                                  build/stm32l4xx_hal_pwr_ex.o
                                                  build/stm32l4xx_hal.o
SystemCoreClockUpdate                             build/system_stm32l4xx.o
SystemInit                                        build/system_stm32l4xx.o
                                                  build/startup_stm32l476xx.o
TAMP_STAMP_IRQHandler                             build/startup_stm32l476xx.o
TIM1_BRK_TIM15_IRQHandler                         build/startup_stm32l476xx.o
TIM1_CC_IRQHandler                                build/startup_stm32l476xx.o
TIM1_TRG_COM_TIM17_IRQHandler                     build/startup_stm32l476xx.o
TIM1_UP_TIM16_IRQHandler                          build/startup_stm32l476xx.o
TIM2_IRQHandler                                   build/startup_stm32l476xx.o
TIM3_IRQHandler                                   build/startup_stm32l476xx.o
TIM4_IRQHandler                                   build/startup_stm32l476xx.o
TIM5_IRQHandler                                   build/startup_stm32l476xx.o
TIM6_DAC_IRQHandler                               build/startup_stm32l476xx.o
TIM7_IRQHandler                                   build/startup_stm32l476xx.o
TIM8_BRK_IRQHandler                               build/startup_stm32l476xx.o
TIM8_CC_IRQHandler                                build/startup_stm32l476xx.o
TIM8_TRG_COM_IRQHandler                           build/startup_stm32l476xx.o
TIM8_UP_IRQHandler                                build/startup_stm32l476xx.o
TSC_IRQHandler                                    build/startup_stm32l476xx.o
UART4_IRQHandler                                  build/startup_stm32l476xx.o
UART5_IRQHandler                                  build/startup_stm32l476xx.o
USART1_IRQHandler                                 build/startup_stm32l476xx.o
USART2_IRQHandler                                 build/startup_stm32l476xx.o
USART3_IRQHandler                                 build/startup_stm32l476xx.o
UsageFault_Handler                                build/stm32l4xx_it.o
WWDG_IRQHandler                                   build/startup_stm32l476xx.o
__atexit_recursive_mutex                          /usr/lib/gcc/arm-none-eabi/11.2.0/../../../../arm-none-eabi/lib/thumb/v7e-m+fp/hard/libc.a(lib_a-__call_atexit.o)
                                                  /usr/lib/gcc/arm-none-eabi/11.2.0/../../../../arm-none-eabi/lib/thumb/v7e-m+fp/hard/libc.a(lib_a-__atexit.o)
__bss_end__                                       /usr/lib/gcc/arm-none-eabi/11.2.0/../../../../arm-none-eabi/lib/thumb/v7e-m+fp/hard/crt0.o
__bss_start__                                     /usr/lib/gcc/arm-none-eabi/11.2.0/../../../../arm-none-eabi/lib/thumb/v7e-m+fp/hard/crt0.o
__call_exitprocs                                  /usr/lib/gcc/arm-none-eabi/11.2.0/../../../../arm-none-eabi/lib/thumb/v7e-m+fp/hard/libc.a(lib_a-__call_atexit.o)
                                                  /usr/lib/gcc/arm-none-eabi/11.2.0/../../../../arm-none-eabi/lib/thumb/v7e-m+fp/hard/libc.a(lib_a-exit.o)
__deregister_frame_info                           /usr/lib/gcc/arm-none-eabi/11.2.0/thumb/v7e-m+fp/hard/crtbegin.o
__dso_handle                                      /usr/lib/gcc/arm-none-eabi/11.2.0/thumb/v7e-m+fp/hard/crtbegin.o
__fini_array_end                                  /usr/lib/gcc/arm-none-eabi/11.2.0/../../../../arm-none-eabi/lib/thumb/v7e-m+fp/hard/libc.a(lib_a-fini.o)
__fini_array_start                                /usr/lib/gcc/arm-none-eabi/11.2.0/../../../../arm-none-eabi/lib/thumb/v7e-m+fp/hard/libc.a(lib_a-fini.o)
__init_array_end                                  /usr/lib/gcc/arm-none-eabi/11.2.0/../../../../arm-none-eabi/lib/thumb/v7e-m+fp/hard/libc.a(lib_a-init.o)
__init_array_start                                /usr/lib/gcc/arm-none-eabi/11.2.0/../../../../arm-none-eabi/lib/thumb/v7e-m+fp/hard/libc.a(lib_a-init.o)
__libc_fini                                       /usr/lib/gcc/arm-none-eabi/11.2.0/../../../../arm-none-eabi/lib/thumb/v7e-m+fp/hard/libc.a(lib_a-__call_atexit.o)
__libc_fini_array                                 /usr/lib/gcc/arm-none-eabi/11.2.0/../../../../arm-none-eabi/lib/thumb/v7e-m+fp/hard/libc.a(lib_a-fini.o)
                                                  /usr/lib/gcc/arm-none-eabi/11.2.0/../../../../arm-none-eabi/lib/thumb/v7e-m+fp/hard/libc.a(lib_a-__call_atexit.o)
                                                  /usr/lib/gcc/arm-none-eabi/11.2.0/../../../../arm-none-eabi/lib/thumb/v7e-m+fp/hard/crt0.o
__libc_init_array                                 /usr/lib/gcc/arm-none-eabi/11.2.0/../../../../arm-none-eabi/lib/thumb/v7e-m+fp/hard/libc.a(lib_a-init.o)
                                                  build/startup_stm32l476xx.o
                                                  /usr/lib/gcc/arm-none-eabi/11.2.0/../../../../arm-none-eabi/lib/thumb/v7e-m+fp/hard/crt0.o
__lock___arc4random_mutex                         /usr/lib/gcc/arm-none-eabi/11.2.0/../../../../arm-none-eabi/lib/thumb/v7e-m+fp/hard/libc.a(lib_a-lock.o)
__lock___at_quick_exit_mutex                      /usr/lib/gcc/arm-none-eabi/11.2.0/../../../../arm-none-eabi/lib/thumb/v7e-m+fp/hard/libc.a(lib_a-lock.o)
__lock___atexit_recursive_mutex                   /usr/lib/gcc/arm-none-eabi/11.2.0/../../../../arm-none-eabi/lib/thumb/v7e-m+fp/hard/libc.a(lib_a-lock.o)
                                                  /usr/lib/gcc/arm-none-eabi/11.2.0/../../../../arm-none-eabi/lib/thumb/v7e-m+fp/hard/libc.a(lib_a-__call_atexit.o)
__lock___dd_hash_mutex                            /usr/lib/gcc/arm-none-eabi/11.2.0/../../../../arm-none-eabi/lib/thumb/v7e-m+fp/hard/libc.a(lib_a-lock.o)
__lock___env_recursive_mutex                      /usr/lib/gcc/arm-none-eabi/11.2.0/../../../../arm-none-eabi/lib/thumb/v7e-m+fp/hard/libc.a(lib_a-lock.o)
__lock___malloc_recursive_mutex                   /usr/lib/gcc/arm-none-eabi/11.2.0/../../../../arm-none-eabi/lib/thumb/v7e-m+fp/hard/libc.a(lib_a-lock.o)
__lock___sfp_recursive_mutex                      /usr/lib/gcc/arm-none-eabi/11.2.0/../../../../arm-none-eabi/lib/thumb/v7e-m+fp/hard/libc.a(lib_a-lock.o)
__lock___sinit_recursive_mutex                    /usr/lib/gcc/arm-none-eabi/11.2.0/../../../../arm-none-eabi/lib/thumb/v7e-m+fp/hard/libc.a(lib_a-lock.o)
__lock___tz_mutex                                 /usr/lib/gcc/arm-none-eabi/11.2.0/../../../../arm-none-eabi/lib/thumb/v7e-m+fp/hard/libc.a(lib_a-lock.o)
__preinit_array_end                               /usr/lib/gcc/arm-none-eabi/11.2.0/../../../../arm-none-eabi/lib/thumb/v7e-m+fp/hard/libc.a(lib_a-init.o)
__preinit_array_start                             /usr/lib/gcc/arm-none-eabi/11.2.0/../../../../arm-none-eabi/lib/thumb/v7e-m+fp/hard/libc.a(lib_a-init.o)
__register_exitproc                               /usr/lib/gcc/arm-none-eabi/11.2.0/../../../../arm-none-eabi/lib/thumb/v7e-m+fp/hard/libc.a(lib_a-__atexit.o)
                                                  /usr/lib/gcc/arm-none-eabi/11.2.0/../../../../arm-none-eabi/lib/thumb/v7e-m+fp/hard/libc.a(lib_a-atexit.o)
__register_frame_info                             /usr/lib/gcc/arm-none-eabi/11.2.0/thumb/v7e-m+fp/hard/crtbegin.o
__retarget_lock_acquire                           /usr/lib/gcc/arm-none-eabi/11.2.0/../../../../arm-none-eabi/lib/thumb/v7e-m+fp/hard/libc.a(lib_a-lock.o)
__retarget_lock_acquire_recursive                 /usr/lib/gcc/arm-none-eabi/11.2.0/../../../../arm-none-eabi/lib/thumb/v7e-m+fp/hard/libc.a(lib_a-lock.o)
                                                  /usr/lib/gcc/arm-none-eabi/11.2.0/../../../../arm-none-eabi/lib/thumb/v7e-m+fp/hard/libc.a(lib_a-__call_atexit.o)
                                                  /usr/lib/gcc/arm-none-eabi/11.2.0/../../../../arm-none-eabi/lib/thumb/v7e-m+fp/hard/libc.a(lib_a-__atexit.o)
__retarget_lock_close                             /usr/lib/gcc/arm-none-eabi/11.2.0/../../../../arm-none-eabi/lib/thumb/v7e-m+fp/hard/libc.a(lib_a-lock.o)
__retarget_lock_close_recursive                   /usr/lib/gcc/arm-none-eabi/11.2.0/../../../../arm-none-eabi/lib/thumb/v7e-m+fp/hard/libc.a(lib_a-lock.o)
__retarget_lock_init                              /usr/lib/gcc/arm-none-eabi/11.2.0/../../../../arm-none-eabi/lib/thumb/v7e-m+fp/hard/libc.a(lib_a-lock.o)
__retarget_lock_init_recursive                    /usr/lib/gcc/arm-none-eabi/11.2.0/../../../../arm-none-eabi/lib/thumb/v7e-m+fp/hard/libc.a(lib_a-lock.o)
__retarget_lock_release                           /usr/lib/gcc/arm-none-eabi/11.2.0/../../../../arm-none-eabi/lib/thumb/v7e-m+fp/hard/libc.a(lib_a-lock.o)
__retarget_lock_release_recursive                 /usr/lib/gcc/arm-none-eabi/11.2.0/../../../../arm-none-eabi/lib/thumb/v7e-m+fp/hard/libc.a(lib_a-lock.o)
                                                  /usr/lib/gcc/arm-none-eabi/11.2.0/../../../../arm-none-eabi/lib/thumb/v7e-m+fp/hard/libc.a(lib_a-__call_atexit.o)
                                                  /usr/lib/gcc/arm-none-eabi/11.2.0/../../../../arm-none-eabi/lib/thumb/v7e-m+fp/hard/libc.a(lib_a-__atexit.o)
__retarget_lock_try_acquire                       /usr/lib/gcc/arm-none-eabi/11.2.0/../../../../arm-none-eabi/lib/thumb/v7e-m+fp/hard/libc.a(lib_a-lock.o)
__retarget_lock_try_acquire_recursive             /usr/lib/gcc/arm-none-eabi/11.2.0/../../../../arm-none-eabi/lib/thumb/v7e-m+fp/hard/libc.a(lib_a-lock.o)
__stack                                           /usr/lib/gcc/arm-none-eabi/11.2.0/../../../../arm-none-eabi/lib/thumb/v7e-m+fp/hard/crt0.o
_ebss                                             build/startup_stm32l476xx.o
_edata                                            build/startup_stm32l476xx.o
_estack                                           build/startup_stm32l476xx.o
_exit                                             /usr/lib/gcc/arm-none-eabi/11.2.0/../../../../arm-none-eabi/lib/thumb/v7e-m+fp/hard/libnosys.a(_exit.o)
                                                  /usr/lib/gcc/arm-none-eabi/11.2.0/../../../../arm-none-eabi/lib/thumb/v7e-m+fp/hard/libc.a(lib_a-exit.o)
_fini                                             /usr/lib/gcc/arm-none-eabi/11.2.0/thumb/v7e-m+fp/hard/crti.o
                                                  /usr/lib/gcc/arm-none-eabi/11.2.0/../../../../arm-none-eabi/lib/thumb/v7e-m+fp/hard/libc.a(lib_a-fini.o)
_global_impure_ptr                                /usr/lib/gcc/arm-none-eabi/11.2.0/../../../../arm-none-eabi/lib/thumb/v7e-m+fp/hard/libc.a(lib_a-impure.o)
                                                  /usr/lib/gcc/arm-none-eabi/11.2.0/../../../../arm-none-eabi/lib/thumb/v7e-m+fp/hard/libc.a(lib_a-__call_atexit.o)
                                                  /usr/lib/gcc/arm-none-eabi/11.2.0/../../../../arm-none-eabi/lib/thumb/v7e-m+fp/hard/libc.a(lib_a-__atexit.o)
                                                  /usr/lib/gcc/arm-none-eabi/11.2.0/../../../../arm-none-eabi/lib/thumb/v7e-m+fp/hard/libc.a(lib_a-exit.o)
_impure_ptr                                       /usr/lib/gcc/arm-none-eabi/11.2.0/../../../../arm-none-eabi/lib/thumb/v7e-m+fp/hard/libc.a(lib_a-impure.o)
_init                                             /usr/lib/gcc/arm-none-eabi/11.2.0/thumb/v7e-m+fp/hard/crti.o
                                                  /usr/lib/gcc/arm-none-eabi/11.2.0/../../../../arm-none-eabi/lib/thumb/v7e-m+fp/hard/libc.a(lib_a-init.o)
_mainCRTStartup                                   /usr/lib/gcc/arm-none-eabi/11.2.0/../../../../arm-none-eabi/lib/thumb/v7e-m+fp/hard/crt0.o
_sbss                                             build/startup_stm32l476xx.o
_sdata                                            build/startup_stm32l476xx.o
_sidata                                           build/startup_stm32l476xx.o
_stack_init                                       /usr/lib/gcc/arm-none-eabi/11.2.0/../../../../arm-none-eabi/lib/thumb/v7e-m+fp/hard/crt0.o
_start                                            /usr/lib/gcc/arm-none-eabi/11.2.0/../../../../arm-none-eabi/lib/thumb/v7e-m+fp/hard/crt0.o
atexit                                            /usr/lib/gcc/arm-none-eabi/11.2.0/../../../../arm-none-eabi/lib/thumb/v7e-m+fp/hard/libc.a(lib_a-atexit.o)
                                                  /usr/lib/gcc/arm-none-eabi/11.2.0/../../../../arm-none-eabi/lib/thumb/v7e-m+fp/hard/libc.a(lib_a-__call_atexit.o)
                                                  /usr/lib/gcc/arm-none-eabi/11.2.0/../../../../arm-none-eabi/lib/thumb/v7e-m+fp/hard/crt0.o
delayms                                           build/main.o
exit                                              /usr/lib/gcc/arm-none-eabi/11.2.0/../../../../arm-none-eabi/lib/thumb/v7e-m+fp/hard/libc.a(lib_a-exit.o)
                                                  /usr/lib/gcc/arm-none-eabi/11.2.0/../../../../arm-none-eabi/lib/thumb/v7e-m+fp/hard/crt0.o
g_pfnVectors                                      build/startup_stm32l476xx.o
hardware_init_hook                                /usr/lib/gcc/arm-none-eabi/11.2.0/../../../../arm-none-eabi/lib/thumb/v7e-m+fp/hard/crt0.o
main                                              build/main.o
                                                  build/startup_stm32l476xx.o
                                                  /usr/lib/gcc/arm-none-eabi/11.2.0/../../../../arm-none-eabi/lib/thumb/v7e-m+fp/hard/crt0.o
memset                                            /usr/lib/gcc/arm-none-eabi/11.2.0/../../../../arm-none-eabi/lib/thumb/v7e-m+fp/hard/libc.a(lib_a-memset.o)
                                                  /usr/lib/gcc/arm-none-eabi/11.2.0/../../../../arm-none-eabi/lib/thumb/v7e-m+fp/hard/crt0.o
pFlash                                            build/stm32l4xx_hal_flash.o
                                                  build/stm32l4xx_hal_flash_ex.o
print_out                                         build/main.o
software_init_hook                                /usr/lib/gcc/arm-none-eabi/11.2.0/../../../../arm-none-eabi/lib/thumb/v7e-m+fp/hard/crt0.o
uwTick                                            build/stm32l4xx_hal.o
uwTickFreq                                        build/stm32l4xx_hal.o
uwTickPrio                                        build/stm32l4xx_hal.o
                                                  build/stm32l4xx_hal_rcc.o
